exports[`test <Facebook /> 1`] = `
<a
  href="a"
  target="_blank">
  <Icon
    color="#1c3050"
    kind="facebook"
    size={24} />
</a>
`;
