exports[`test <Github /> 1`] = `
<a
  href="a"
  target="_blank">
  <Icon
    color="#1c3050"
    kind="github"
    size={24} />
</a>
`;
