exports[`test <Google /> 1`] = `
<a
  href="a"
  target="_blank">
  <Icon
    color="#1c3050"
    kind="google"
    size={24} />
</a>
`;
