exports[`test <LinkedIn /> 1`] = `
<a
  href="a"
  target="_blank">
  <Icon
    color="#1c3050"
    kind="linkedin"
    size={24} />
</a>
`;
