exports[`test <Twitter /> 1`] = `
<a
  href="a"
  target="_blank">
  <Icon
    color="#1c3050"
    kind="twitter"
    size={24} />
</a>
`;
